// Jest Snapshot v1, https://goo.gl/fbAQLP

exports[`Should render shape list item with data 1`] = `
<div>
  <Styled(div) />
</div>
`;
